// Jest Snapshot v1, https://goo.gl/fbAQLP

exports[`ApiLoader renders correctly 1`] = `children`;
