// Jest Snapshot v1, https://goo.gl/fbAQLP

exports[`apiLoader renders correctly 1`] = `children`;
